###############################################################################
#
# IAR ELF Linker V8.50.9.278/W32 for ARM                  15/Dec/2020  19:53:54
# Copyright 2007-2020 IAR Systems AB.
#
#    Output file  =
#        C:\Users\tszyr\embedded_workspace\emb_c_tries\first_1\Debug\Exe\project.out
#    Map file     =
#        C:\Users\tszyr\embedded_workspace\emb_c_tries\first_1\Debug\List\project.map
#    Command line =
#        -f C:\Users\tszyr\AppData\Local\Temp\EWF25B.tmp
#        (C:\Users\tszyr\embedded_workspace\emb_c_tries\first_1\Debug\Obj\main.o
#        --no_out_extension -o
#        C:\Users\tszyr\embedded_workspace\emb_c_tries\first_1\Debug\Exe\project.out
#        --redirect _Printf=_PrintfFullNoMb --redirect _Scanf=_ScanfFullNoMb
#        --map
#        C:\Users\tszyr\embedded_workspace\emb_c_tries\first_1\Debug\List\project.map
#        --config "C:\Program Files (x86)\IAR Systems\Embedded Workbench
#        8.4\arm\config\linker\TexasInstruments\TM4C123GH6.icf" --semihosting
#        --entry __iar_program_start --vfe --text_out locale)
#
###############################################################################

*******************************************************************************
*** RUNTIME MODEL ATTRIBUTES
***

CppFlavor       = *
__SystemLibrary = DLib
__dlib_version  = 6


*******************************************************************************
*** HEAP SELECTION
***

The basic heap was selected because some modules are built with
size limitations (and not runtime checking), and --advanced_heap
was not specified.


*******************************************************************************
*** PLACEMENT SUMMARY
***

"A0":  place at address 0x0 { ro section .intvec };
"P1":  place in [from 0x0 to 0x3'ffff] { ro };
define block CSTACK with size = 4K, alignment = 8 { };
define block HEAP with size = 8K, alignment = 8 { };
"P2":  place in [from 0x2000'0000 to 0x2000'7fff] {
          rw, block CSTACK, block HEAP };

No sections matched the following patterns:

  rw  in "P2"


  Section   Kind         Address    Size  Object
  -------   ----         -------    ----  ------
"A0":                               0x40
  .intvec   ro code          0x0    0x40  vector_table_M.o [3]
                          - 0x40    0x40

"P1":                               0x74
  .text     ro code         0x40    0x1e  cmain.o [3]
  .text     ro code         0x5e     0x4  low_level_init.o [2]
  .text     ro code         0x62    0x12  main.o [1]
  .text     ro code         0x74     0x4  exit.o [2]
  .text     ro code         0x78     0xa  cexit.o [3]
  .text     ro code         0x82     0x2  vector_table_M.o [3]
  .text     ro code         0x84    0x14  exit.o [4]
  .text     ro code         0x98    0x1c  cstartup_M.o [3]
                          - 0xb4    0x74

"P2":                             0x1000
  CSTACK             0x2000'0000  0x1000  <Block>
    CSTACK  uninit   0x2000'0000  0x1000  <Block tail>
                   - 0x2000'1000  0x1000

Unused ranges:

         From           To      Size
         ----           --      ----
         0xb4     0x3'ffff  0x3'ff4c
  0x2000'1000  0x2000'7fff    0x7000



*******************************************************************************
*** MODULE SUMMARY
***

    Module            ro code  rw data
    ------            -------  -------
command line/config:
    ----------------------------------
    Total:

C:\Users\tszyr\embedded_workspace\emb_c_tries\first_1\Debug\Obj: [1]
    main.o                 18
    ----------------------------------
    Total:                 18

dl7M_tln.a: [2]
    exit.o                  4
    low_level_init.o        4
    ----------------------------------
    Total:                  8

rt7M_tl.a: [3]
    cexit.o                10
    cmain.o                30
    cstartup_M.o           28
    vector_table_M.o       66
    ----------------------------------
    Total:                134

shb_l.a: [4]
    exit.o                 20
    ----------------------------------
    Total:                 20

    Linker created               4'096
--------------------------------------
    Grand Total:          180    4'096


*******************************************************************************
*** ENTRY LIST
***

Entry                     Address  Size  Type      Object
-----                     -------  ----  ----      ------
?main                        0x41        Code  Gb  cmain.o [3]
CSTACK$$Base          0x2000'0000         --   Gb  - Linker created -
CSTACK$$Limit         0x2000'1000         --   Gb  - Linker created -
Region$$Table$$Base           0x0         --   Gb  - Linker created -
Region$$Table$$Limit          0x0         --   Gb  - Linker created -
__cmain                      0x41        Code  Gb  cmain.o [3]
__exit                       0x85  0x14  Code  Gb  exit.o [4]
__iar_program_start          0x99        Code  Gb  cstartup_M.o [3]
__low_level_init             0x5f   0x4  Code  Gb  low_level_init.o [2]
__vector_table                0x0        Data  Gb  vector_table_M.o [3]
_call_main                   0x4d        Code  Gb  cmain.o [3]
_exit                        0x79        Code  Gb  cexit.o [3]
_main                        0x57        Code  Gb  cmain.o [3]
exit                         0x75   0x4  Code  Gb  exit.o [2]
main                         0x63  0x12  Code  Gb  main.o [1]


[1] = C:\Users\tszyr\embedded_workspace\emb_c_tries\first_1\Debug\Obj
[2] = dl7M_tln.a
[3] = rt7M_tl.a
[4] = shb_l.a

    180 bytes of readonly  code memory
  4'096 bytes of readwrite data memory

Errors: none
Warnings: none
